test_public_blob_identities_are_frozen (test_audits.AuditTests.test_public_blob_identities_are_frozen) ... ok
test_public_slice_digest_tamper_rejected (test_audits.AuditTests.test_public_slice_digest_tamper_rejected) ... ok
test_public_source_audit_inventory (test_audits.AuditTests.test_public_source_audit_inventory) ... ok
test_reference_audit_inventory (test_audits.AuditTests.test_reference_audit_inventory) ... ok
test_atom_limit_counts_queries_and_facts (test_boundaries.BoundaryTests.test_atom_limit_counts_queries_and_facts) ... ok
test_atom_name_limit_is_early (test_boundaries.BoundaryTests.test_atom_name_limit_is_early) ... ok
test_iterative_occurrence_walk_preserves_tree_duplicates (test_boundaries.BoundaryTests.test_iterative_occurrence_walk_preserves_tree_duplicates) ... ok
test_large_finite_cost_is_not_a_decimal_ceiling (test_boundaries.BoundaryTests.test_large_finite_cost_is_not_a_decimal_ceiling) ... ok
test_lowering_rejects_during_emission (test_boundaries.BoundaryTests.test_lowering_rejects_during_emission) ... ok
test_premise_limit_admits_boundary_not_next_record (test_boundaries.BoundaryTests.test_premise_limit_admits_boundary_not_next_record) ... ok
test_rule_limit_admits_boundary_not_next_record (test_boundaries.BoundaryTests.test_rule_limit_admits_boundary_not_next_record) ... ok
test_weighted_bad_atom_type_is_a_verdict (test_boundaries.BoundaryTests.test_weighted_bad_atom_type_is_a_verdict) ... ok
test_zero_cost_shared_subtrees_do_not_expand (test_boundaries.BoundaryTests.test_zero_cost_shared_subtrees_do_not_expand) ... ok
test_cha_false_positive (test_framework.FrameworkTests.test_cha_false_positive) ... ok
test_completion_endpoint_envelope (test_framework.FrameworkTests.test_completion_endpoint_envelope) ... ok
test_completion_monotonicity (test_framework.FrameworkTests.test_completion_monotonicity) ... ok
test_context_insensitive_false_positive (test_framework.FrameworkTests.test_context_insensitive_false_positive) ... ok
test_context_oracle (test_framework.FrameworkTests.test_context_oracle) ... ok
test_duplicate_source_occurrence_rejected (test_framework.FrameworkTests.test_duplicate_source_occurrence_rejected) ... ok
test_evidence_accepted (test_framework.FrameworkTests.test_evidence_accepted) ... ok
test_fault_fixture_inventory (test_framework.FrameworkTests.test_fault_fixture_inventory) ... ok
test_fault_fixture_reasons (test_framework.FrameworkTests.test_fault_fixture_reasons) ... ok
test_field_insensitive_false_positive (test_framework.FrameworkTests.test_field_insensitive_false_positive) ... ok
test_field_oracle (test_framework.FrameworkTests.test_field_oracle) ... ok
test_full_generated_prefix (test_framework.FrameworkTests.test_full_generated_prefix) ... ok
test_generated_profiles_and_identifier_erased_pairs_are_unique (test_framework.FrameworkTests.test_generated_profiles_and_identifier_erased_pairs_are_unique) ... ok
test_hierarchy_oracle (test_framework.FrameworkTests.test_hierarchy_oracle) ... ok
test_impossible_without_opaque (test_framework.FrameworkTests.test_impossible_without_opaque) ... ok
test_inclusion_minimal_core_mutation_rejected (test_framework.FrameworkTests.test_inclusion_minimal_core_mutation_rejected) ... ok
test_new_source_construct_changes_expected_inventory (test_framework.FrameworkTests.test_new_source_construct_changes_expected_inventory) ... ok
test_opaque_completion_direct_chain (test_framework.FrameworkTests.test_opaque_completion_direct_chain) ... ok
test_opaque_depths_cover_one_two_and_three_sites (test_framework.FrameworkTests.test_opaque_depths_cover_one_two_and_three_sites) ... ok
test_producer_consumer_lowerings_agree (test_framework.FrameworkTests.test_producer_consumer_lowerings_agree) ... ok
test_public_slice_inventory (test_framework.FrameworkTests.test_public_slice_inventory) ... ok
test_public_slice_lexical_projection (test_framework.FrameworkTests.test_public_slice_lexical_projection) ... ok
test_public_slice_line_tamper (test_framework.FrameworkTests.test_public_slice_line_tamper) ... ok
test_public_slice_primitive_tamper (test_framework.FrameworkTests.test_public_slice_primitive_tamper) ... ok
test_rule_omission_detected_at_coverage_layer (test_framework.FrameworkTests.test_rule_omission_detected_at_coverage_layer) ... ok
test_semantics_changing_transport_completes (test_framework.FrameworkTests.test_semantics_changing_transport_completes) ... ok
test_semantics_preserving_transport_mixes_exact_and_completed_reuse (test_framework.FrameworkTests.test_semantics_preserving_transport_mixes_exact_and_completed_reuse) ... ok
test_service_redirection_type_checked (test_framework.FrameworkTests.test_service_redirection_type_checked) ... ok
test_source_checker_does_not_import_lowerer_or_producers (test_framework.FrameworkTests.test_source_checker_does_not_import_lowerer_or_producers) ... ok
test_two_site_inclusion_minimal_core (test_framework.FrameworkTests.test_two_site_inclusion_minimal_core) ... ok
test_two_site_unresolved_witness (test_framework.FrameworkTests.test_two_site_unresolved_witness) ... ok
test_unknown_opaque_site_rejected (test_framework.FrameworkTests.test_unknown_opaque_site_rejected) ... ok
test_weighted_distance_too_low_rejected (test_framework.FrameworkTests.test_weighted_distance_too_low_rejected) ... ok
test_bad_transport_input (test_kernel.KernelTests.test_bad_transport_input) ... ok
test_body_width_bound (test_kernel.KernelTests.test_body_width_bound) ... ok
test_boolean_ids_rejected (test_kernel.KernelTests.test_boolean_ids_rejected) ... ok
test_checker_module_separation (test_kernel.KernelTests.test_checker_module_separation) ... ok
test_core_boolean_order_rejected (test_kernel.KernelTests.test_core_boolean_order_rejected) ... ok
test_core_none_and_empty (test_kernel.KernelTests.test_core_none_and_empty) ... ok
test_core_optional_must_be_noninitial (test_kernel.KernelTests.test_core_optional_must_be_noninitial) ... ok
test_core_order_invalid (test_kernel.KernelTests.test_core_order_invalid) ... ok
test_duplicate_atoms_rejected (test_kernel.KernelTests.test_duplicate_atoms_rejected) ... ok
test_empty_body_is_not_initial_leaf (test_kernel.KernelTests.test_empty_body_is_not_initial_leaf) ... ok
test_empty_program (test_kernel.KernelTests.test_empty_program) ... ok
test_fixture_inventory (test_kernel.KernelTests.test_fixture_inventory) ... ok
test_good_and_oracle (test_kernel.KernelTests.test_good_and_oracle) ... ok
test_incomparable_cores (test_kernel.KernelTests.test_incomparable_cores) ... ok
test_json_duplicate_keys (test_kernel.KernelTests.test_json_duplicate_keys) ... ok
test_json_invalid_utf8 (test_kernel.KernelTests.test_json_invalid_utf8) ... ok
test_json_nonfinite (test_kernel.KernelTests.test_json_nonfinite) ... ok
test_json_size_bound (test_kernel.KernelTests.test_json_size_bound) ... ok
test_new_consequence (test_kernel.KernelTests.test_new_consequence) ... ok
test_oracle_bound (test_kernel.KernelTests.test_oracle_bound) ... ok
test_renamed_atom_fails_closed (test_kernel.KernelTests.test_renamed_atom_fails_closed) ... ok
test_rule_reordering (test_kernel.KernelTests.test_rule_reordering) ... ok
test_schema_unknown_field (test_kernel.KernelTests.test_schema_unknown_field) ... ok
test_transport_can_miss_equal_semantics (test_kernel.KernelTests.test_transport_can_miss_equal_semantics) ... ok
test_allocation_class_change_does_not_reuse_points_to_identity (test_source_identity.SourceIdentityTests.test_allocation_class_change_does_not_reuse_points_to_identity) ... ok
test_ambiguous_legacy_reference_requires_owner_member (test_source_identity.SourceIdentityTests.test_ambiguous_legacy_reference_requires_owner_member) ... ok
test_declaration_and_inventory_order_do_not_affect_reuse (test_source_identity.SourceIdentityTests.test_declaration_and_inventory_order_do_not_affect_reuse) ... ok
test_dotted_declarations_and_fields_remain_distinct_and_covered (test_source_identity.SourceIdentityTests.test_dotted_declarations_and_fields_remain_distinct_and_covered) ... ok
test_earlier_permission_insertion_reuses_remapped_permission (test_source_identity.SourceIdentityTests.test_earlier_permission_insertion_reuses_remapped_permission) ... ok
test_earlier_unreachable_method_field_entry_and_local_do_not_rebind (test_source_identity.SourceIdentityTests.test_earlier_unreachable_method_field_entry_and_local_do_not_rebind) ... ok
test_entry_rename_cannot_reuse_e0 (test_source_identity.SourceIdentityTests.test_entry_rename_cannot_reuse_e0) ... ok
test_exact_atom_set_with_bad_reason_or_order_is_rejected (test_source_identity.SourceIdentityTests.test_exact_atom_set_with_bad_reason_or_order_is_rejected) ... ok
test_method_rename_cannot_reuse_m0 (test_source_identity.SourceIdentityTests.test_method_rename_cannot_reuse_m0) ... ok
test_no_declaration_is_hidden_from_validation (test_source_identity.SourceIdentityTests.test_no_declaration_is_hidden_from_validation) ... ok
test_opaque_tokens_remap_after_earlier_unreachable_allocation (test_source_identity.SourceIdentityTests.test_opaque_tokens_remap_after_earlier_unreachable_allocation) ... ok
test_reference_core_closure_count_includes_audit (test_source_identity.SourceIdentityTests.test_reference_core_closure_count_includes_audit) ... ok
test_retained_scale_certificates_are_accepted_on_distinct_inputs (test_source_identity.SourceIdentityTests.test_retained_scale_certificates_are_accepted_on_distinct_inputs) ... ok
test_same_p0_different_permission_is_not_reuse (test_source_identity.SourceIdentityTests.test_same_p0_different_permission_is_not_reuse) ... ok

----------------------------------------------------------------------
Ran 84 tests in 6.000s

OK
